=== 1/5 Counting and sorting n-grams ===
Reading fd 3
----5---10---15---20---25---30---35---40---45---50---55---60---65---70---75---80---85---90---95--100
****************************************************************************************************
Unigram tokens 7142099 types 140463
=== 2/5 Calculating and sorting adjusted counts ===
Chain sizes: 1:1685556 2:418856736 3:785356416 4:1256570240 5:1832498432
Statistics:
1 140463 D1=0.653595 D2=0.99939 D3+=1.2902
2 1823800 D1=0.749537 D2=1.10202 D3+=1.38448
3 4412290 D1=0.859234 D2=1.21404 D3+=1.42882
4 5712681 D1=0.932105 D2=1.33125 D3+=1.49712
5 6034377 D1=0.941987 D2=1.39358 D3+=1.50036
Memory estimate for binary LM:
type     MB
probing 380 assuming -p 1.5
probing 449 assuming -r models -p 1.5
trie    186 without quantization
trie    103 assuming -q 8 -b 8 quantization 
trie    164 assuming -a 22 array pointer compression
trie     80 assuming -a 22 -q 8 -b 8 array pointer compression and quantization
=== 3/5 Calculating and sorting initial probabilities ===
Chain sizes: 1:1685556 2:29180800 3:88245800 4:137104344 5:168962556
=== 4/5 Calculating and writing order-interpolated probabilities ===
Chain sizes: 1:1685556 2:29180800 3:88245800 4:137104344 5:168962556
=== 5/5 Writing ARPA model ===
lmplz	1617199104	434044928	RSSMax:1617199104 kB	user:6.53631	sys:1.33003	CPU:7.86638	real:5.23726
