=== 1/5 Counting and sorting n-grams ===
Reading fd 3
----5---10---15---20---25---30---35---40---45---50---55---60---65---70---75---80---85---90---95--100
****************************************************************************************************
Unigram tokens 7142099 types 140463
=== 2/5 Calculating and sorting adjusted counts ===
Chain sizes: 1:1685556 2:418856736 3:785356416 4:1256570240 5:1832498432
Statistics:
1 140463 D1=0.653595 D2=0.99939 D3+=1.2902
2 1823800 D1=0.749537 D2=1.10202 D3+=1.38448
3 699610/4412290 D1=0.859234 D2=1.21404 D3+=1.42882
4 442195/5712681 D1=0.932105 D2=1.33125 D3+=1.49712
5 257672/6034377 D1=0.941987 D2=1.39358 D3+=1.50036
Memory estimate for binary LM:
type    MB
probing 75 assuming -p 1.5
probing 93 assuming -r models -p 1.5
trie    40 without quantization
trie    22 assuming -q 8 -b 8 quantization 
trie    35 assuming -a 22 array pointer compression
trie    18 assuming -a 22 -q 8 -b 8 array pointer compression and quantization
=== 3/5 Calculating and sorting initial probabilities ===
Chain sizes: 1:1685556 2:29180800 3:13992200 4:10612680 5:7214816
=== 4/5 Calculating and writing order-interpolated probabilities ===
Chain sizes: 1:1685556 2:29180800 3:13992200 4:10612680 5:7214816
=== 5/5 Writing ARPA model ===
lmplz	1272627200	1272283136	RSSMax:1272627200 kB	user:3.57187	sys:1.08294	CPU:4.65485	real:2.79715
