=== 1/5 Counting and sorting n-grams ===
Reading fd 3
----5---10---15---20---25---30---35---40---45---50---55---60---65---70---75---80---85---90---95--100
****************************************************************************************************
Unigram tokens 7142099 types 140463
=== 2/5 Calculating and sorting adjusted counts ===
Chain sizes: 1:1685556 2:1493315456 3:2799966464
Statistics:
1 140463 D1=0.653595 D2=0.99939 D3+=1.2902
2 1823800 D1=0.749537 D2=1.10202 D3+=1.38448
3 4412290 D1=0.831606 D2=1.19245 D3+=1.39237
Memory estimate for binary LM:
type     MB
probing 120 assuming -p 1.5
probing 131 assuming -r models -p 1.5
trie     51 without quantization
trie     29 assuming -q 8 -b 8 quantization 
trie     48 assuming -a 22 array pointer compression
trie     26 assuming -a 22 -q 8 -b 8 array pointer compression and quantization
=== 3/5 Calculating and sorting initial probabilities ===
Chain sizes: 1:1685556 2:29180800 3:88245800
=== 4/5 Calculating and writing order-interpolated probabilities ===
Chain sizes: 1:1685556 2:29180800 3:88245800
=== 5/5 Writing ARPA model ===
lmplz	1256308736	1256095744	RSSMax:1256308736 kB	user:2.61999	sys:0.363676	CPU:2.9837	real:2.65427
