=== 1/5 Counting and sorting n-grams ===
Reading fd 3
----5---10---15---20---25---30---35---40---45---50---55---60---65---70---75---80---85---90---95--100
****************************************************************************************************
Unigram tokens 7142099 types 140463
=== 2/5 Calculating and sorting adjusted counts ===
Chain sizes: 1:1685556 2:1493315456 3:2799966464
Statistics:
1 140463 D1=0.653595 D2=0.99939 D3+=1.2902
2 1823800 D1=0.749537 D2=1.10202 D3+=1.38448
3 4412290 D1=0.831606 D2=1.19245 D3+=1.39237
Memory estimate for binary LM:
type     MB
probing 120 assuming -p 1.5
probing 131 assuming -r models -p 1.5
trie     51 without quantization
trie     29 assuming -q 8 -b 8 quantization 
trie     48 assuming -a 22 array pointer compression
trie     26 assuming -a 22 -q 8 -b 8 array pointer compression and quantization
=== 3/5 Calculating and sorting initial probabilities ===
Chain sizes: 1:1685556 2:29180800 3:88245800
=== 4/5 Calculating and writing order-interpolated probabilities ===
Chain sizes: 1:1685556 2:29180800 3:88245800
=== 5/5 Writing ARPA model ===
lmplz	1223671808	1169670144	RSSMax:1223671808 kB	user:2.61148	sys:0.480245	CPU:3.09177	real:2.90037
        2.92 real         2.61 user         0.49 sys
          1223671808  maximum resident set size
                   0  average shared memory size
                   0  average unshared data size
                   0  average unshared stack size
               94283  page reclaims
                2387  page faults
                   0  swaps
                   0  block input operations
                   0  block output operations
                   0  messages sent
                   0  messages received
                   0  signals received
                  35  voluntary context switches
               24252  involuntary context switches
         23500944214  instructions retired
         11597009840  cycles elapsed
          1254950232  peak memory footprint
Reading /Users/highsun/Desktop/PKU/课程/大语言模型的实践与应用/作业/n-gram语言模型/code/models/kenlm.word.o3.arpa
----5---10---15---20---25---30---35---40---45---50---55---60---65---70---75---80---85---90---95--100
****************************************************************************************************
Identifying n-grams omitted by SRI
----5---10---15---20---25---30---35---40---45---50---55---60---65---70---75---80---85---90---95--100
****************************************************************************************************
Writing trie
----5---10---15---20---25---30---35---40---45---50---55---60---65---70---75---80---85---90---95--100
****************************************************************************************************
SUCCESS
        2.47 real         2.31 user         0.09 sys
           133693440  maximum resident set size
                   0  average shared memory size
                   0  average unshared data size
                   0  average unshared stack size
               20533  page reclaims
                3399  page faults
                   0  swaps
                   0  block input operations
                   0  block output operations
                   0  messages sent
                   0  messages received
                   0  signals received
                 117  voluntary context switches
                  94  involuntary context switches
         25747781160  instructions retired
          9296446233  cycles elapsed
            78594528  peak memory footprint
Reading /Users/highsun/Desktop/PKU/课程/大语言模型的实践与应用/作业/n-gram语言模型/code/models/kenlm.word.o3.arpa
----5---10---15---20---25---30---35---40---45---50---55---60---65---70---75---80---85---90---95--100
****************************************************************************************************
SUCCESS
        1.38 real         1.34 user         0.03 sys
           133808128  maximum resident set size
                   0  average shared memory size
                   0  average unshared data size
                   0  average unshared stack size
               20673  page reclaims
                   2  page faults
                   0  swaps
                   0  block input operations
                   0  block output operations
                   0  messages sent
                   0  messages received
                   0  signals received
                  21  voluntary context switches
                  33  involuntary context switches
          8915740194  instructions retired
          5439846734  cycles elapsed
           131351008  peak memory footprint
This binary file contains trie.
query	57999360	57147392	RSSMax:57999360 kB	user:0.038068	sys:0.007487	CPU:0.04558	real:0.053435
        0.06 real         0.03 user         0.00 sys
            57999360  maximum resident set size
                   0  average shared memory size
                   0  average unshared data size
                   0  average unshared stack size
                3716  page reclaims
                  75  page faults
                   0  swaps
                   0  block input operations
                   0  block output operations
                   0  messages sent
                   0  messages received
                   0  signals received
                   0  voluntary context switches
                  31  involuntary context switches
           170307862  instructions retired
           172052757  cycles elapsed
            55656832  peak memory footprint
=== 1/5 Counting and sorting n-grams ===
Reading fd 3
----5---10---15---20---25---30---35---40---45---50---55---60---65---70---75---80---85---90---95--100
****************************************************************************************************
Unigram tokens 7142099 types 140463
=== 2/5 Calculating and sorting adjusted counts ===
Chain sizes: 1:1685556 2:837877952 3:1571021184 4:2513633792 5:3665716224
Statistics:
1 140463 D1=0.653595 D2=0.99939 D3+=1.2902
2 1823800 D1=0.749537 D2=1.10202 D3+=1.38448
3 699610/4412290 D1=0.859234 D2=1.21404 D3+=1.42882
4 442195/5712681 D1=0.932105 D2=1.33125 D3+=1.49712
5 257672/6034377 D1=0.941987 D2=1.39358 D3+=1.50036
Memory estimate for binary LM:
type    MB
probing 75 assuming -p 1.5
probing 93 assuming -r models -p 1.5
trie    40 without quantization
trie    22 assuming -q 8 -b 8 quantization 
trie    35 assuming -a 22 array pointer compression
trie    18 assuming -a 22 -q 8 -b 8 array pointer compression and quantization
=== 3/5 Calculating and sorting initial probabilities ===
Chain sizes: 1:1685556 2:29180800 3:13992200 4:10612680 5:7214816
=== 4/5 Calculating and writing order-interpolated probabilities ===
Chain sizes: 1:1685556 2:29180800 3:13992200 4:10612680 5:7214816
=== 5/5 Writing ARPA model ===
lmplz	1975123968	1974779904	RSSMax:1975123968 kB	user:3.60214	sys:1.21876	CPU:4.82094	real:2.87129
        2.89 real         3.60 user         1.23 sys
          1975123968  maximum resident set size
                   0  average shared memory size
                   0  average unshared data size
                   0  average unshared stack size
              137926  page reclaims
                   5  page faults
                   0  swaps
                   0  block input operations
                   0  block output operations
                   0  messages sent
                   0  messages received
                   0  signals received
                  37  voluntary context switches
              131770  involuntary context switches
         33226564544  instructions retired
         17452792974  cycles elapsed
          2029537152  peak memory footprint
Reading /Users/highsun/Desktop/PKU/课程/大语言模型的实践与应用/作业/n-gram语言模型/code/models/kenlm.word.o5.arpa
----5---10---15---20---25---30---35---40---45---50---55---60---65---70---75---80---85---90---95--100
****************************************************************************************************
Identifying n-grams omitted by SRI
----5---10---15---20---25---30---35---40---45---50---55---60---65---70---75---80---85---90---95--100
****************************************************************************************************
Writing trie
----5---10---15---20---25---30---35---40---45---50---55---60---65---70---75---80---85---90---95--100
****************************************************************************************************
SUCCESS
        1.37 real         1.26 user         0.06 sys
            80314368  maximum resident set size
                   0  average shared memory size
                   0  average unshared data size
                   0  average unshared stack size
               11640  page reclaims
                2651  page faults
                   0  swaps
                   0  block input operations
                   0  block output operations
                   0  messages sent
                   0  messages received
                   0  signals received
                  91  voluntary context switches
                  54  involuntary context switches
         14491846454  instructions retired
          5199931765  cycles elapsed
            37192112  peak memory footprint
This binary file contains trie.
query	46071808	45219840	RSSMax:46071808 kB	user:0.038821	sys:0.005442	CPU:0.044291	real:0.040225
        0.04 real         0.03 user         0.00 sys
            46071808  maximum resident set size
                   0  average shared memory size
                   0  average unshared data size
                   0  average unshared stack size
                3062  page reclaims
                   1  page faults
                   0  swaps
                   0  block input operations
                   0  block output operations
                   0  messages sent
                   0  messages received
                   0  signals received
                   0  voluntary context switches
                   7  involuntary context switches
           162650780  instructions retired
           169653488  cycles elapsed
            43729280  peak memory footprint
=== 1/5 Counting and sorting n-grams ===
Reading fd 3
----5---10---15---20---25---30---35---40---45---50---55---60---65---70---75---80---85---90---95--100
****************************************************************************************************
Unigram tokens 11740799 types 5679
=== 2/5 Calculating and sorting adjusted counts ===
Chain sizes: 1:68148 2:1493878016 3:2801021440
Statistics:
1 5679 D1=0.520355 D2=0.737657 D3+=1.64946
2 716705 D1=0.639022 D2=1.09286 D3+=1.50517
3 3366302 D1=0.71459 D2=1.10251 D3+=1.40067
Memory estimate for binary LM:
type    MB
probing 74 assuming -p 1.5
probing 78 assuming -r models -p 1.5
trie    26 without quantization
trie    12 assuming -q 8 -b 8 quantization 
trie    25 assuming -a 22 array pointer compression
trie    11 assuming -a 22 -q 8 -b 8 array pointer compression and quantization
=== 3/5 Calculating and sorting initial probabilities ===
Chain sizes: 1:68148 2:11467280 3:67326040
=== 4/5 Calculating and writing order-interpolated probabilities ===
Chain sizes: 1:68148 2:11467280 3:67326040
=== 5/5 Writing ARPA model ===
lmplz	1172094976	1171832832	RSSMax:1172094976 kB	user:1.98897	sys:0.207206	CPU:2.19621	real:2.09455
        2.11 real         1.98 user         0.21 sys
          1172094976  maximum resident set size
                   0  average shared memory size
                   0  average unshared data size
                   0  average unshared stack size
               71920  page reclaims
                2824  page faults
                   0  swaps
                   0  block input operations
                   0  block output operations
                   0  messages sent
                   0  messages received
                   0  signals received
                  58  voluntary context switches
               10431  involuntary context switches
         16867548169  instructions retired
          8392279151  cycles elapsed
          1170736400  peak memory footprint
Reading /Users/highsun/Desktop/PKU/课程/大语言模型的实践与应用/作业/n-gram语言模型/code/models/kenlm.char.o3.arpa
----5---10---15---20---25---30---35---40---45---50---55---60---65---70---75---80---85---90---95--100
****************************************************************************************************
Identifying n-grams omitted by SRI
----5---10---15---20---25---30---35---40---45---50---55---60---65---70---75---80---85---90---95--100
****************************************************************************************************
Writing trie
----5---10---15---20---25---30---35---40---45---50---55---60---65---70---75---80---85---90---95--100
****************************************************************************************************
SUCCESS
        1.29 real         1.22 user         0.05 sys
            85639168  maximum resident set size
                   0  average shared memory size
                   0  average unshared data size
                   0  average unshared stack size
               11518  page reclaims
                1679  page faults
                   0  swaps
                   0  block input operations
                   0  block output operations
                   0  messages sent
                   0  messages received
                   0  signals received
                  46  voluntary context switches
                  37  involuntary context switches
         15533603657  instructions retired
          4898198673  cycles elapsed
            55738776  peak memory footprint
This binary file contains trie.
query	31424512	30474240	RSSMax:31424512 kB	user:0.046673	sys:0.004244	CPU:0.050942	real:0.048255
        0.05 real         0.04 user         0.00 sys
            31424512  maximum resident set size
                   0  average shared memory size
                   0  average unshared data size
                   0  average unshared stack size
                2109  page reclaims
                  59  page faults
                   0  swaps
                   0  block input operations
                   0  block output operations
                   0  messages sent
                   0  messages received
                   0  signals received
                   0  voluntary context switches
                  20  involuntary context switches
           205598877  instructions retired
           191428403  cycles elapsed
            28967272  peak memory footprint
This binary file contains trie.
query	45318144	45318144	RSSMax:45318144 kB	user:0.002792	sys:0.005782	CPU:0.008599	real:0.004482
        0.00 real         0.00 user         0.00 sys
            45432832  maximum resident set size
                   0  average shared memory size
                   0  average unshared data size
                   0  average unshared stack size
                3015  page reclaims
                   1  page faults
                   0  swaps
                   0  block input operations
                   0  block output operations
                   0  messages sent
                   0  messages received
                   0  signals received
                   0  voluntary context switches
                   7  involuntary context switches
            76139711  instructions retired
            32051296  cycles elapsed
            43811200  peak memory footprint
