SRILM 训练开始：2026-09-27 21:40:01

[1m== 词级 3-gram：修改版 KN / 原始 KN / Witten-Bell 三种平滑 ==[0m
+ /Users/highsun/ngram-toolchain/src/srilm/bin/ngram-count -order 3 -text /Users/highsun/Desktop/PKU/课程/大语言模型的实践与应用/作业/n-gram语言模型/code/corpus/word.train.txt -kndiscount -interpolate -gtmin 1 -lm /Users/highsun/Desktop/PKU/课程/大语言模型的实践与应用/作业/n-gram语言模型/code/models/srilm.word.kn.3.arpa -debug 1
        5.41 real         5.26 user         0.11 sys
           377700352  maximum resident set size
+ /Users/highsun/ngram-toolchain/src/srilm/bin/ngram -order 3 -lm /Users/highsun/Desktop/PKU/课程/大语言模型的实践与应用/作业/n-gram语言模型/code/models/srilm.word.kn.3.arpa -ppl /Users/highsun/Desktop/PKU/课程/大语言模型的实践与应用/作业/n-gram语言模型/code/corpus/word.dev.txt
file /Users/highsun/Desktop/PKU/课程/大语言模型的实践与应用/作业/n-gram语言模型/code/corpus/word.dev.txt: 5725 sentences, 144776 words, 1992 OOVs
0 zeroprobs, logprob= -352058.9 ppl= 234.7595 ppl1= 292.1962
        0.68 real         0.66 user         0.01 sys
            99434496  maximum resident set size
+ /Users/highsun/ngram-toolchain/src/srilm/bin/ngram-count -order 3 -text /Users/highsun/Desktop/PKU/课程/大语言模型的实践与应用/作业/n-gram语言模型/code/corpus/word.train.txt -ukndiscount -interpolate -gtmin 1 -lm /Users/highsun/Desktop/PKU/课程/大语言模型的实践与应用/作业/n-gram语言模型/code/models/srilm.word.ukn.3.arpa -debug 1
        5.34 real         5.24 user         0.09 sys
           377667584  maximum resident set size
+ /Users/highsun/ngram-toolchain/src/srilm/bin/ngram -order 3 -lm /Users/highsun/Desktop/PKU/课程/大语言模型的实践与应用/作业/n-gram语言模型/code/models/srilm.word.ukn.3.arpa -ppl /Users/highsun/Desktop/PKU/课程/大语言模型的实践与应用/作业/n-gram语言模型/code/corpus/word.dev.txt
file /Users/highsun/Desktop/PKU/课程/大语言模型的实践与应用/作业/n-gram语言模型/code/corpus/word.dev.txt: 5725 sentences, 144776 words, 1992 OOVs
0 zeroprobs, logprob= -352454.3 ppl= 236.2034 ppl1= 294.0656
        0.71 real         0.68 user         0.02 sys
            99401728  maximum resident set size
+ /Users/highsun/ngram-toolchain/src/srilm/bin/ngram-count -order 3 -text /Users/highsun/Desktop/PKU/课程/大语言模型的实践与应用/作业/n-gram语言模型/code/corpus/word.train.txt -wbdiscount -gtmin 1 -lm /Users/highsun/Desktop/PKU/课程/大语言模型的实践与应用/作业/n-gram语言模型/code/models/srilm.word.wb.3.arpa -debug 1
        3.91 real         3.81 user         0.10 sys
           377110528  maximum resident set size
+ /Users/highsun/ngram-toolchain/src/srilm/bin/ngram -order 3 -lm /Users/highsun/Desktop/PKU/课程/大语言模型的实践与应用/作业/n-gram语言模型/code/models/srilm.word.wb.3.arpa -ppl /Users/highsun/Desktop/PKU/课程/大语言模型的实践与应用/作业/n-gram语言模型/code/corpus/word.dev.txt
file /Users/highsun/Desktop/PKU/课程/大语言模型的实践与应用/作业/n-gram语言模型/code/corpus/word.dev.txt: 5725 sentences, 144776 words, 1992 OOVs
0 zeroprobs, logprob= -356934.8 ppl= 253.1955 ppl1= 316.0995
        0.68 real         0.66 user         0.02 sys
            99467264  maximum resident set size

[1m== 词级 5-gram：修改版 KN（不剪枝 / 熵剪枝） ==[0m
+ /Users/highsun/ngram-toolchain/src/srilm/bin/ngram-count -order 5 -text /Users/highsun/Desktop/PKU/课程/大语言模型的实践与应用/作业/n-gram语言模型/code/corpus/word.train.txt -kndiscount -interpolate -gtmin 1 -lm /Users/highsun/Desktop/PKU/课程/大语言模型的实践与应用/作业/n-gram语言模型/code/models/srilm.word.kn.5.arpa -debug 1
       19.53 real        19.31 user         0.18 sys
           826589184  maximum resident set size
+ /Users/highsun/ngram-toolchain/src/srilm/bin/ngram -order 5 -lm /Users/highsun/Desktop/PKU/课程/大语言模型的实践与应用/作业/n-gram语言模型/code/models/srilm.word.kn.5.arpa -ppl /Users/highsun/Desktop/PKU/课程/大语言模型的实践与应用/作业/n-gram语言模型/code/corpus/word.dev.txt
file /Users/highsun/Desktop/PKU/课程/大语言模型的实践与应用/作业/n-gram语言模型/code/corpus/word.dev.txt: 5725 sentences, 144776 words, 1992 OOVs
0 zeroprobs, logprob= -349413.9 ppl= 225.3269 ppl1= 279.9951
        0.95 real         0.92 user         0.02 sys
           135643136  maximum resident set size
+ /Users/highsun/ngram-toolchain/src/srilm/bin/ngram-count -order 5 -text /Users/highsun/Desktop/PKU/课程/大语言模型的实践与应用/作业/n-gram语言模型/code/corpus/word.train.txt -kndiscount -interpolate -prune 1e-6 -lm /Users/highsun/Desktop/PKU/课程/大语言模型的实践与应用/作业/n-gram语言模型/code/models/srilm.word.kn.5.entropypruned.arpa -debug 1
       18.19 real        18.06 user         0.11 sys
           828424192  maximum resident set size
+ /Users/highsun/ngram-toolchain/src/srilm/bin/ngram -order 5 -lm /Users/highsun/Desktop/PKU/课程/大语言模型的实践与应用/作业/n-gram语言模型/code/models/srilm.word.kn.5.entropypruned.arpa -ppl /Users/highsun/Desktop/PKU/课程/大语言模型的实践与应用/作业/n-gram语言模型/code/corpus/word.dev.txt
file /Users/highsun/Desktop/PKU/课程/大语言模型的实践与应用/作业/n-gram语言模型/code/corpus/word.dev.txt: 5725 sentences, 144776 words, 1992 OOVs
0 zeroprobs, logprob= -382093.9 ppl= 373.9958 ppl1= 474.2717
        0.13 real         0.12 user         0.00 sys
            35553280  maximum resident set size

[1m== 字级 3-gram：KN ==[0m
+ /Users/highsun/ngram-toolchain/src/srilm/bin/ngram-count -order 3 -text /Users/highsun/Desktop/PKU/课程/大语言模型的实践与应用/作业/n-gram语言模型/code/corpus/char.train.txt -kndiscount -interpolate -gtmin 1 -lm /Users/highsun/Desktop/PKU/课程/大语言模型的实践与应用/作业/n-gram语言模型/code/models/srilm.char.kn.3.arpa -debug 1
        3.16 real         3.09 user         0.06 sys
           262242304  maximum resident set size
+ /Users/highsun/ngram-toolchain/src/srilm/bin/ngram -order 3 -lm /Users/highsun/Desktop/PKU/课程/大语言模型的实践与应用/作业/n-gram语言模型/code/models/srilm.char.kn.3.arpa -ppl /Users/highsun/Desktop/PKU/课程/大语言模型的实践与应用/作业/n-gram语言模型/code/corpus/char.dev.txt
file /Users/highsun/Desktop/PKU/课程/大语言模型的实践与应用/作业/n-gram语言模型/code/corpus/char.dev.txt: 5725 sentences, 237760 words, 7 OOVs
0 zeroprobs, logprob= -392634.8 ppl= 40.9835 ppl1= 44.81671
        0.46 real         0.44 user         0.01 sys
            66142208  maximum resident set size

[1m== SRILM 采样续写 ==[0m
+ /Users/highsun/ngram-toolchain/src/srilm/bin/ngram -order 5 -lm /Users/highsun/Desktop/PKU/课程/大语言模型的实践与应用/作业/n-gram语言模型/code/models/srilm.word.kn.5.arpa -gen 1 -gen-prefixes /Users/highsun/Desktop/PKU/课程/大语言模型的实践与应用/作业/n-gram语言模型/code/results/logs/srilm_prefix.txt -seed 2024 -debug 1
由 中国 国际 航空 公司 的 生产 经营 活动 纪实
“ 黄金 搭档 ” 。
        1.07 real         1.04 user         0.02 sys
           136953856  maximum resident set size
SRILM 训练结束：2026-09-27 21:41:02
提示：SRILM 不支持 Stupid Backoff（Goodman 2001），该平滑在自研实现里
      （--smoothing sb）以及资料 3 描述的 MapReduce 训练流程中实现。
